---
source: src/test.rs
expression: evaluate_example(path)
input_file: tests/math.nu
---
==== COMPILER ====
0: Int (0 to 1)
1: Plus (2 to 3)
2: Int (4 to 5)
3: BinaryOp { lhs: NodeId(0), op: NodeId(1), rhs: NodeId(2) } (0 to 5)
4: Block(BlockId(0)) (0 to 5)
==== SCOPE ====
0: Frame Scope, variables: [  ], node_id: NodeId(4)
==== TYPES ====
0: int
1: forbidden
2: int
3: int
4: ()
