---
source: src/test.rs
expression: evaluate_example(path)
input_file: tests/invalid_record.nu
---
==== COMPILER ====
0: Name (2 to 3) "a"
1: Int (5 to 6)
2: Name (9 to 10) "b"
3: Garbage (11 to 12)
4: Garbage (13 to 13)
5: Record { pairs: [(NodeId(0), NodeId(1)), (NodeId(2), NodeId(4))] } (0 to 0)
6: Block(BlockId(0)) (0 to 13)
==== COMPILER ERRORS ====
Error (NodeId 3): expected: colon ':'
Error (NodeId 4): incomplete expression
