---
source: src/test.rs
expression: evaluate_example(path)
input_file: tests/math_precedence.nu
---
==== COMPILER ====
0: Int (0 to 1)
1: Plus (2 to 3)
2: Int (4 to 5)
3: Multiply (6 to 7)
4: Int (8 to 9)
5: Plus (10 to 11)
6: Int (12 to 13)
7: BinaryOp { lhs: NodeId(2), op: NodeId(3), rhs: NodeId(4) } (4 to 9)
8: BinaryOp { lhs: NodeId(0), op: NodeId(1), rhs: NodeId(7) } (0 to 9)
9: BinaryOp { lhs: NodeId(8), op: NodeId(5), rhs: NodeId(6) } (0 to 13)
10: Block(BlockId(0)) (0 to 13)
==== SCOPE ====
0: Frame Scope, variables: [  ], node_id: NodeId(10)
==== TYPES ====
0: int
1: forbidden
2: int
3: forbidden
4: int
5: forbidden
6: int
7: int
8: int
9: int
10: ()
