---
source: src/test.rs
expression: evaluate_example(path)
input_file: tests/record3.nu
---
==== COMPILER ====
0: Name (2 to 3) "a"
1: Int (5 to 6)
2: Name (9 to 10) "b"
3: Int (12 to 13)
4: Record { pairs: [(NodeId(0), NodeId(1)), (NodeId(2), NodeId(3))] } (0 to 16)
5: Block(BlockId(0)) (0 to 17)
==== SCOPE ====
0: Frame Scope, variables: [  ], node_id: NodeId(5)
==== TYPES ====
0: unknown
1: unknown
2: unknown
3: unknown
4: unknown
5: ()
==== TYPE ERRORS ====
Error (NodeId 4): unsupported ast node 'Record { pairs: [(NodeId(0), NodeId(1)), (NodeId(2), NodeId(3))] }' in typechecker
