---
source: src/test.rs
expression: evaluate_example(path)
input_file: tests/literals.nu
---
==== COMPILER ====
0: True (1 to 5)
1: Null (6 to 10)
2: Int (11 to 12)
3: Name (13 to 16) "abc"
4: String (17 to 22)
5: List([NodeId(0), NodeId(1), NodeId(2), NodeId(3), NodeId(4)]) (0 to 22)
6: Block(BlockId(0)) (0 to 24)
==== SCOPE ====
0: Frame Scope, variables: [  ], node_id: NodeId(6)
==== TYPES ====
0: bool
1: nothing
2: int
3: unknown
4: string
5: list<any>
6: ()
==== TYPE ERRORS ====
Error (NodeId 3): unsupported ast node 'Name' in typechecker
