---
source: src/test.rs
expression: evaluate_example(path)
input_file: tests/string_operation.nu
---
==== COMPILER ====
0: String (0 to 5)
1: Plus (6 to 7)
2: String (8 to 13)
3: BinaryOp { lhs: NodeId(0), op: NodeId(1), rhs: NodeId(2) } (0 to 13)
4: Block(BlockId(0)) (0 to 13)
==== SCOPE ====
0: Frame Scope, variables: [  ], node_id: NodeId(4)
==== TYPES ====
0: string
1: forbidden
2: string
3: string
4: ()
