---
source: src/test.rs
expression: evaluate_example(path)
input_file: tests/closure.nu
---
==== COMPILER ====
0: Name (3 to 4) "a"
1: Name (6 to 7) "b"
2: Params([NodeId(0), NodeId(1)]) (2 to 8)
3: Variable (9 to 11) "$a"
4: Plus (12 to 13)
5: Variable (14 to 16) "$b"
6: BinaryOp { lhs: NodeId(3), op: NodeId(4), rhs: NodeId(5) } (9 to 16)
7: Block(BlockId(0)) (9 to 16)
8: Closure { params: Some(NodeId(2)), block: NodeId(7) } (0 to 17)
9: Variable (18 to 20) "$a"
10: Block(BlockId(1)) (0 to 42)
==== SCOPE ====
0: Frame Scope, variables: [  ], node_id: NodeId(10)
1: Frame Scope, variables: [ a: NodeId(0), b: NodeId(1) ], node_id: NodeId(7)
==== SCOPE ERRORS ====
Error (NodeId 9): variable not found
