---
source: src/test.rs
expression: evaluate_example(path)
input_file: tests/pipeline.nu
snapshot_kind: text
---
==== COMPILER ====
0: Int (0 to 1) "1"
1: Int (4 to 5) "3"
2: Int (8 to 9) "5"
3: Pipeline(PipelineId(0)) (0 to 9)
4: Int (42 to 43) "1"
5: Int (46 to 47) "2"
6: Int (50 to 51) "3"
7: Pipeline(PipelineId(1)) (42 to 51)
8: Block(BlockId(0)) (0 to 52)
==== SCOPE ====
0: Frame Scope, node_id: NodeId(8) (empty)
==== TYPES ====
0: int
1: int
2: int
3: int
4: int
5: int
6: int
7: int
8: int
==== IR ====
register_count: 0
file_count: 0
==== IR ERRORS ====
Error (NodeId 3): node Pipeline(PipelineId(0)) not suported yet

