---
source: src/test.rs
expression: evaluate_example(path)
input_file: tests/invalid_range.nu
---
==== COMPILER ====
0: Expr(Int) (0 to 1) "1"
1: Garbage (2 to 4)
2: Expr(Int) (5 to 6) "2"
3: Expr(Block(BlockId(0))) (0 to 7)
==== COMPILER ERRORS ====
Error (NodeId 1): incomplete expression
